  Ôû▓ Next.js 14.2.3

   Creating an optimized production build ...
node.exe : Failed to compile.
At C:\Program 
Files\nodejs\npx.ps1:29 char:3
+   & $NODE_EXE $NPX_CLI_JS 
$args
+   
~~~~~~~~~~~~~~~~~~~~~~~~~~~~~
    + CategoryInfo          : 
    NotSpecified: (Failed to  
   compile.:String) [], Rem   
 oteException
    + FullyQualifiedErrorId : 
    NativeCommandError
 

./src/app/components/vscode/Ba
dge.tsx
Error: Failed to read source 
code from G:\Github\example-ap
p-nextjs\src\app\components\vs
code\Badge.tsx

Caused by:
    stream did not contain 
valid UTF-8

Import trace for requested 
module:
./src/app/components/vscode/Ba
dge.tsx
./src/app/Blogs/page.tsx


> Build failed because of 
webpack errors
