
> example-app-nextjs@0.1.0 build
> next build

  Ôû▓ Next.js 14.2.3

   Creating an optimized production build ...
 Ô£ô Compiled successfully
   Linting and checking validity of types ...
node.exe : Failed to compile.
At C:\Program 
Files\nodejs\npm.ps1:29 char:3
+   & $NODE_EXE $NPM_CLI_JS 
$args
+   
~~~~~~~~~~~~~~~~~~~~~~~~~~~~~
    + CategoryInfo          : 
    NotSpecified: (Failed to  
   compile.:String) [], Rem   
 oteException
    + FullyQualifiedErrorId : 
    NativeCommandError
 

./src/app/components/vscode/Bu
tton.tsx:40:7
Type error: No overload 
matches this call.
  The last overload gave the 
following error.
    Object literal may only 
specify known properties, and 
'className' does not exist in 
type 'Partial<unknown> & 
Attributes'.

[0m [90m 38 |[39m   
[36mif[39m (asChild 
[33m&&[39m [33mReact[39m[
33m.[39misValidElement(childr
en)) {[0m
[0m [90m 39 |[39m     
[36mreturn[39m [33mReact[3
9m[33m.[39mcloneElement(chil
dren[33m,[39m {[0m
[0m[31m[1m>[22m[39m[90m 
40 |[39m       
className[33m:[39m 
cn(classes[33m,[39m children
[33m.[39mprops[33m.[39mcla
ssName)[33m,[39m[0m
[0m [90m    |[39m       
[31m[1m^[22m[39m[0m
[0m [90m 41 |[39m     
})[33m;[39m[0m
[0m [90m 42 |[39m   }[0m
[0m [90m 43 |[39m[0m
